enum LegacyDataKey {

    #[persistent]
    #[value(MessageApprovalValue)]
    MessageApproval { message_approval_key: MessageApprovalKey },

    #[instance]
    #[value(u64)]
    PreviousSignerRetention,

    #[instance]
    #[value(BytesN<32>)]
    DomainSeparator,

    #[instance]
    #[value(u64)]
    MinimumRotationDelay,

    #[instance]
    #[value(u64)]
    Epoch,

    #[instance]
    #[value(u64)]
    LastRotationTimestamp,

    #[persistent]
    #[value(BytesN<32>)]
    SignersHashByEpoch { epoch: u64 },

    #[persistent]
    #[value(u64)]
    EpochBySignersHash { signers_hash: BytesN<32> },
}
